{"ts":"2026-05-13T11:32:33+02:00","scope":"users_fetch","elapsed_ms":11.55,"meta":{"page":1,"search":false,"role_filter":"","program_filter":"","rows":10}}
{"ts":"2026-05-13T11:34:16+02:00","scope":"predict_report","elapsed_ms":86.39,"meta":{"range":"all","program_id":0,"rows":30,"page":1}}
{"ts":"2026-05-13T11:35:36+02:00","scope":"predict_report","elapsed_ms":73.15,"meta":{"range":"all","program_id":0,"rows":30,"page":1}}
{"ts":"2026-05-13T11:35:44+02:00","scope":"users_fetch","elapsed_ms":2.54,"meta":{"page":1,"search":false,"role_filter":"","program_filter":"","rows":10}}
{"ts":"2026-05-13T12:13:44+02:00","scope":"predict_report","elapsed_ms":59.03,"meta":{"range":"all","program_id":0,"rows":30,"page":1}}
{"ts":"2026-05-13T12:13:59+02:00","scope":"users_fetch","elapsed_ms":4.87,"meta":{"page":1,"search":false,"role_filter":"","program_filter":"","rows":10}}
{"ts":"2026-05-13T12:14:31+02:00","scope":"users_fetch","elapsed_ms":3.06,"meta":{"page":1,"search":false,"role_filter":"","program_filter":"","rows":10}}
{"ts":"2026-05-13T12:14:35+02:00","scope":"users_fetch","elapsed_ms":3.38,"meta":{"page":2,"search":false,"role_filter":"","program_filter":"","rows":10}}
{"ts":"2026-05-13T12:14:39+02:00","scope":"users_fetch","elapsed_ms":3.86,"meta":{"page":3,"search":false,"role_filter":"","program_filter":"","rows":10}}
{"ts":"2026-05-13T12:14:40+02:00","scope":"users_fetch","elapsed_ms":2.92,"meta":{"page":4,"search":false,"role_filter":"","program_filter":"","rows":10}}
{"ts":"2026-05-13T12:14:41+02:00","scope":"users_fetch","elapsed_ms":3.44,"meta":{"page":5,"search":false,"role_filter":"","program_filter":"","rows":10}}
{"ts":"2026-05-13T12:14:43+02:00","scope":"users_fetch","elapsed_ms":3.19,"meta":{"page":6,"search":false,"role_filter":"","program_filter":"","rows":10}}
{"ts":"2026-05-13T12:14:43+02:00","scope":"users_fetch","elapsed_ms":3.74,"meta":{"page":7,"search":false,"role_filter":"","program_filter":"","rows":10}}
{"ts":"2026-05-13T12:14:44+02:00","scope":"users_fetch","elapsed_ms":3.03,"meta":{"page":8,"search":false,"role_filter":"","program_filter":"","rows":10}}
{"ts":"2026-05-13T12:14:45+02:00","scope":"users_fetch","elapsed_ms":3.8,"meta":{"page":9,"search":false,"role_filter":"","program_filter":"","rows":10}}
{"ts":"2026-05-13T12:14:45+02:00","scope":"users_fetch","elapsed_ms":3.02,"meta":{"page":10,"search":false,"role_filter":"","program_filter":"","rows":10}}
{"ts":"2026-05-13T12:14:46+02:00","scope":"users_fetch","elapsed_ms":4.71,"meta":{"page":11,"search":false,"role_filter":"","program_filter":"","rows":10}}
{"ts":"2026-05-13T12:14:47+02:00","scope":"users_fetch","elapsed_ms":3.71,"meta":{"page":12,"search":false,"role_filter":"","program_filter":"","rows":10}}
{"ts":"2026-05-13T12:14:49+02:00","scope":"predict_report","elapsed_ms":65.79,"meta":{"range":"all","program_id":0,"rows":30,"page":1}}
{"ts":"2026-05-13T16:01:26+02:00","scope":"users_fetch","elapsed_ms":2.52,"meta":{"page":1,"search":false,"role_filter":"","program_filter":"","rows":10}}
{"ts":"2026-05-13T16:01:33+02:00","scope":"users_fetch","elapsed_ms":2.89,"meta":{"page":1,"search":false,"role_filter":"","program_filter":"","rows":10}}
{"ts":"2026-05-13T16:01:38+02:00","scope":"users_fetch","elapsed_ms":1.93,"meta":{"page":2,"search":false,"role_filter":"","program_filter":"","rows":10}}
{"ts":"2026-05-13T16:01:41+02:00","scope":"users_fetch","elapsed_ms":1.46,"meta":{"page":1,"search":true,"role_filter":"","program_filter":"","rows":10}}
{"ts":"2026-05-13T16:01:43+02:00","scope":"users_fetch","elapsed_ms":1.04,"meta":{"page":1,"search":false,"role_filter":"partner","program_filter":"","rows":0}}
{"ts":"2026-05-13T16:08:06+02:00","scope":"users_fetch","elapsed_ms":2.25,"meta":{"page":1,"search":false,"role_filter":"","program_filter":"","rows":10}}
{"ts":"2026-05-13T16:08:17+02:00","scope":"users_fetch","elapsed_ms":1.86,"meta":{"page":1,"search":false,"role_filter":"","program_filter":"","rows":10}}
{"ts":"2026-05-13T16:11:39+02:00","scope":"users_fetch","elapsed_ms":1.56,"meta":{"page":1,"search":false,"role_filter":"","program_filter":"","rows":10}}
{"ts":"2026-05-13T16:15:21+02:00","scope":"users_fetch","elapsed_ms":1.44,"meta":{"page":1,"search":false,"role_filter":"","program_filter":"","rows":10}}
{"ts":"2026-05-13T16:15:25+02:00","scope":"users_fetch","elapsed_ms":1.32,"meta":{"page":1,"search":false,"role_filter":"partner","program_filter":"","rows":3}}
{"ts":"2026-05-13T16:19:35+02:00","scope":"users_fetch","elapsed_ms":1.96,"meta":{"page":1,"search":false,"role_filter":"","program_filter":"","rows":10}}
{"ts":"2026-05-13T16:19:41+02:00","scope":"users_fetch","elapsed_ms":2.44,"meta":{"page":1,"search":false,"role_filter":"","program_filter":"","rows":10}}
{"ts":"2026-05-13T16:58:32+02:00","scope":"users_fetch","elapsed_ms":1.3,"meta":{"page":1,"search":false,"role_filter":"admin","program_filter":"","rows":1}}
{"ts":"2026-05-13T17:01:49+02:00","scope":"users_fetch","elapsed_ms":2.07,"meta":{"page":1,"search":false,"role_filter":"","program_filter":"","rows":10}}
{"ts":"2026-05-13T17:12:21+02:00","scope":"users_fetch","elapsed_ms":2.11,"meta":{"page":1,"search":false,"role_filter":"","program_filter":"","rows":10}}
{"ts":"2026-05-13T17:15:18+02:00","scope":"users_fetch","elapsed_ms":2.19,"meta":{"page":1,"search":false,"role_filter":"","program_filter":"","rows":10}}
{"ts":"2026-05-14T06:40:07+02:00","scope":"users_fetch","elapsed_ms":2.13,"meta":{"page":1,"search":false,"role_filter":"","program_filter":"","rows":10}}
{"ts":"2026-05-14T06:40:10+02:00","scope":"users_fetch","elapsed_ms":0.72,"meta":{"page":1,"search":false,"role_filter":"partner","program_filter":"","rows":0}}
{"ts":"2026-05-14T06:40:26+02:00","scope":"users_fetch","elapsed_ms":3.03,"meta":{"page":1,"search":false,"role_filter":"","program_filter":"","rows":10}}
{"ts":"2026-05-14T06:46:42+02:00","scope":"users_fetch","elapsed_ms":2.14,"meta":{"page":1,"search":false,"role_filter":"","program_filter":"","rows":10}}
{"ts":"2026-05-14T06:48:52+02:00","scope":"users_fetch","elapsed_ms":1.89,"meta":{"page":1,"search":false,"role_filter":"","program_filter":"","rows":10}}
{"ts":"2026-05-14T06:49:04+02:00","scope":"users_fetch","elapsed_ms":2.94,"meta":{"page":1,"search":false,"role_filter":"","program_filter":"","rows":10}}
{"ts":"2026-05-14T06:53:47+02:00","scope":"users_fetch","elapsed_ms":1.69,"meta":{"page":1,"search":false,"role_filter":"","program_filter":"","rows":10}}
{"ts":"2026-05-14T06:56:36+02:00","scope":"users_fetch","elapsed_ms":4.84,"meta":{"page":1,"search":false,"role_filter":"","program_filter":"","rows":10}}
{"ts":"2026-05-14T06:56:39+02:00","scope":"users_fetch","elapsed_ms":5.13,"meta":{"page":1,"search":false,"role_filter":"","program_filter":"","rows":10}}
{"ts":"2026-05-14T07:00:46+02:00","scope":"users_fetch","elapsed_ms":3.03,"meta":{"page":1,"search":false,"role_filter":"","program_filter":"","rows":10}}
{"ts":"2026-05-14T07:05:46+02:00","scope":"users_fetch","elapsed_ms":2.63,"meta":{"page":1,"search":false,"role_filter":"","program_filter":"","rows":10}}
{"ts":"2026-05-14T07:06:49+02:00","scope":"users_fetch","elapsed_ms":2.7,"meta":{"page":1,"search":false,"role_filter":"","program_filter":"","rows":10}}
{"ts":"2026-05-14T07:07:25+02:00","scope":"users_fetch","elapsed_ms":2.03,"meta":{"page":1,"search":false,"role_filter":"","program_filter":"","rows":10}}
{"ts":"2026-05-14T07:07:35+02:00","scope":"users_fetch","elapsed_ms":1.97,"meta":{"page":1,"search":false,"role_filter":"","program_filter":"","rows":10}}
{"ts":"2026-05-14T07:14:58+02:00","scope":"users_fetch","elapsed_ms":1.83,"meta":{"page":1,"search":false,"role_filter":"","program_filter":"","rows":10}}
{"ts":"2026-05-14T07:17:40+02:00","scope":"users_fetch","elapsed_ms":2.26,"meta":{"page":1,"search":false,"role_filter":"","program_filter":"","rows":10}}
{"ts":"2026-05-14T07:17:54+02:00","scope":"users_fetch","elapsed_ms":2.74,"meta":{"page":1,"search":false,"role_filter":"","program_filter":"","rows":10}}
{"ts":"2026-05-14T07:22:32+02:00","scope":"users_fetch","elapsed_ms":2.15,"meta":{"page":1,"search":false,"role_filter":"","program_filter":"","rows":10}}
{"ts":"2026-05-14T07:23:13+02:00","scope":"users_fetch","elapsed_ms":1.78,"meta":{"page":1,"search":false,"role_filter":"","program_filter":"","rows":10}}
{"ts":"2026-05-14T07:23:16+02:00","scope":"users_fetch","elapsed_ms":2.23,"meta":{"page":1,"search":false,"role_filter":"","program_filter":"","rows":10}}
{"ts":"2026-05-14T07:23:22+02:00","scope":"users_fetch","elapsed_ms":1.34,"meta":{"page":1,"search":false,"role_filter":"","program_filter":"","rows":10}}
{"ts":"2026-05-14T07:24:19+02:00","scope":"users_fetch","elapsed_ms":0.67,"meta":{"page":1,"search":false,"role_filter":"admin","program_filter":"","rows":1}}
{"ts":"2026-05-14T07:26:08+02:00","scope":"users_fetch","elapsed_ms":2.25,"meta":{"page":1,"search":false,"role_filter":"","program_filter":"","rows":10}}
{"ts":"2026-05-14T07:26:36+02:00","scope":"users_fetch","elapsed_ms":3.4,"meta":{"page":1,"search":false,"role_filter":"","program_filter":"","rows":10}}
{"ts":"2026-05-14T07:26:45+02:00","scope":"users_fetch","elapsed_ms":1.94,"meta":{"page":1,"search":false,"role_filter":"","program_filter":"","rows":10}}
{"ts":"2026-05-14T07:27:15+02:00","scope":"users_fetch","elapsed_ms":1.68,"meta":{"page":1,"search":false,"role_filter":"","program_filter":"","rows":10}}
{"ts":"2026-05-14T07:27:24+02:00","scope":"predict_report","elapsed_ms":39.3,"meta":{"range":"all","program_id":0,"rows":30,"page":1}}
{"ts":"2026-05-14T07:27:35+02:00","scope":"users_fetch","elapsed_ms":2.22,"meta":{"page":1,"search":false,"role_filter":"","program_filter":"","rows":10}}
{"ts":"2026-05-14T15:53:27+02:00","scope":"users_fetch","elapsed_ms":4.22,"meta":{"page":1,"search":false,"role_filter":"","program_filter":"","rows":10}}
{"ts":"2026-05-14T15:53:35+02:00","scope":"predict_report","elapsed_ms":30,"meta":{"range":"all","program_id":0,"rows":30,"page":1}}
{"ts":"2026-05-17T07:12:07+02:00","scope":"users_fetch","elapsed_ms":4.1,"meta":{"page":1,"search":false,"role_filter":"","program_filter":"","rows":10}}
{"ts":"2026-05-17T07:20:36+02:00","scope":"users_fetch","elapsed_ms":1.43,"meta":{"page":1,"search":false,"role_filter":"","program_filter":"","rows":10}}
{"ts":"2026-05-20T03:34:59+02:00","scope":"alumni_analytics_get_data","elapsed_ms":1238.95,"meta":{"program_id":1,"careers":13,"graduates":5963}}
{"ts":"2026-05-20T03:36:02+02:00","scope":"alumni_analytics_get_data","elapsed_ms":39.51,"meta":{"program_id":3,"careers":0,"graduates":0}}
{"ts":"2026-05-20T03:36:06+02:00","scope":"alumni_analytics_get_data","elapsed_ms":171.11,"meta":{"program_id":2,"careers":13,"graduates":4827}}
{"ts":"2026-05-20T03:36:21+02:00","scope":"alumni_analytics_get_data","elapsed_ms":74.38,"meta":{"program_id":4,"careers":0,"graduates":0}}
{"ts":"2026-05-20T03:36:24+02:00","scope":"alumni_analytics_get_data","elapsed_ms":325.84,"meta":{"program_id":2,"careers":13,"graduates":4827}}
{"ts":"2026-05-20T03:36:30+02:00","scope":"alumni_analytics_get_data","elapsed_ms":74.91,"meta":{"program_id":5,"careers":0,"graduates":0}}
{"ts":"2026-05-20T03:36:33+02:00","scope":"alumni_analytics_get_data","elapsed_ms":82.69,"meta":{"program_id":7,"careers":0,"graduates":0}}
{"ts":"2026-05-20T03:36:35+02:00","scope":"alumni_analytics_get_data","elapsed_ms":103.2,"meta":{"program_id":10,"careers":0,"graduates":0}}
{"ts":"2026-05-20T03:36:36+02:00","scope":"alumni_analytics_get_data","elapsed_ms":71.36,"meta":{"program_id":9,"careers":0,"graduates":0}}
{"ts":"2026-05-20T03:36:40+02:00","scope":"alumni_analytics_get_data","elapsed_ms":99.59,"meta":{"program_id":12,"careers":0,"graduates":0}}
{"ts":"2026-05-20T03:39:23+02:00","scope":"prediction_result","elapsed_ms":6803.98,"meta":{"cache_hit":false,"has_result":true,"assessment_id":10799}}
{"ts":"2026-05-20T04:06:18+02:00","scope":"prediction_result","elapsed_ms":5542.8,"meta":{"cache_hit":false,"has_result":true,"assessment_id":10800}}
{"ts":"2026-05-20T04:06:21+02:00","scope":"career_resources","elapsed_ms":3419.24,"meta":{"keywords":"Web Developer","jobs":5,"places":2}}
